// Jest Snapshot v1, https://goo.gl/fbAQLP

exports[`Prueba en el archivo <AddCategory /> Debe devolver el componente renderizado correctamente 1`] = `
<form
  onSubmit={[Function]}
>
  <p />
  <input
    autoComplete="off"
    id="input"
    onChange={[Function]}
    type="text"
    value=""
  />
</form>
`;
